uBridge version 1.0.1 running with libpcap version 1.10.6 (64-bit time_t, with TPACKET_V3)
Hypervisor TCP control server started (IP 127.0.0.1 port 40695).
UDP tunnel connecting from local port 10009 to IPv4 address 127.0.0.1 on port 10008
Source NIO listener thread for bridge1 has started
Destination NIO listener thread for bridge1 has started
UDP tunnel connecting from local port 10011 to IPv4 address 127.0.0.1 on port 10010
Source NIO listener thread for bridge2 has started
Destination NIO listener thread for bridge2 has started
send: Input/output error
send: Input/output error
send: Input/output error
send: Input/output error
send: Input/output error
UDP tunnel connecting from local port 10028 to IPv4 address 127.0.0.1 on port 10029
Source NIO listener thread for bridge0 has started
Destination NIO listener thread for bridge0 has started
recv: Connection refused
recv: Connection refused
recv: Connection refused
recv: Connection refused
recv: Connection refused
recv: Connection refused
recv: Connection refused
recv: Connection refused
recv: Connection refused
recv: Connection refused
recv: Connection refused
recv: Connection refused
recv: Connection refused
recv: Connection refused
recv: Connection refused
recv: Connection refused
recv: Connection refused
recv: Connection refused
recv: Connection refused
recv: Connection refused
recv: Connection refused
recv: Connection refused
recv: Connection refused
recv: Connection refused
recv: Connection refused
recv: Connection refused
recv: Connection refused
recv: Connection refused
recv: Connection refused
recv: Connection refused
recv: Connection refused
UDP tunnel connecting from local port 10023 to IPv4 address 127.0.0.1 on port 10024
Source NIO listener thread for bridge2 has started
Destination NIO listener thread for bridge2 has started
recv: Connection refused
send: Connection refused
send: Connection refused
send: Connection refused
send: Connection refused
send: Connection refused
send: Connection refused
send: Connection refused
send: Connection refused
send: Connection refused
send: Connection refused
send: Connection refused
send: Connection refused
send: Connection refused
send: Connection refused
send: Connection refused
send: Connection refused
send: Connection refused
send: Connection refused
send: Connection refused
send: Connection refused
send: Connection refused
send: Connection refused
send: Connection refused
send: Connection refused
recv: Connection refused
send: Connection refused
send: Connection refused
send: Connection refused
send: Connection refused
send: Connection refused
send: Connection refused
send: Connection refused
send: Connection refused
send: Connection refused
send: Connection refused
send: Connection refused
send: Connection refused
send: Connection refused
send: Connection refused
send: Connection refused
send: Connection refused
send: Connection refused
send: Connection refused
send: Connection refused
send: Connection refused
send: Connection refused
send: Connection refused
send: Connection refused
send: Connection refused
send: Connection refused
send: Connection refused
send: Connection refused
send: Connection refused
send: Connection refused
send: Connection refused
send: Connection refused
send: Connection refused
send: Connection refused
send: Connection refused
send: Connection refused
send: Connection refused
send: Connection refused
send: Connection refused
send: Connection refused
recv: Connection refused
recv: Connection refused
send: Connection refused
send: Connection refused
send: Connection refused
send: Connection refused
send: Connection refused
send: Connection refused
send: Connection refused
send: Connection refused
send: Connection refused
send: Connection refused
send: Connection refused
send: Connection refused
send: Connection refused
send: Connection refused
send: Connection refused
send: Connection refused
send: Connection refused
send: Connection refused
send: Connection refused
send: Connection refused
send: Connection refused
send: Connection refused
send: Connection refused
send: Connection refused
send: Connection refused
send: Connection refused
send: Connection refused
send: Connection refused
send: Connection refused
send: Connection refused
send: Connection refused
send: Connection refused
send: Connection refused
send: Connection refused
send: Connection refused
send: Connection refused
send: Connection refused
send: Connection refused
send: Connection refused
send: Connection refused
recv: Connection refused
recv: Connection refused
recv: Connection refused
recv: Connection refused
Hypervisor: closing control sockets.
Hypervisor: closing remote client connections.
Hypervisor: stopped.
recv: Bad address
Source NIO listener thread for bridge1 has stopped because of an error: Bad address 
