uBridge version 1.0.1 running with libpcap version 1.10.6 (64-bit time_t, with TPACKET_V3)
Hypervisor TCP control server started (IP 127.0.0.1 port 32779).
UDP tunnel connecting from local port 10017 to IPv4 address 127.0.0.1 on port 10016
Source NIO listener thread for caf696ec-56c5-430c-980c-987d4e17a26a-0 has started
Destination NIO listener thread for caf696ec-56c5-430c-980c-987d4e17a26a-0 has started
recv: Connection refused
recv: Connection refused
recv: Connection refused
recv: Connection refused
send: Connection refused
recv: Connection refused
recv: Connection refused
recv: Connection refused
recv: Connection refused
recv: Connection refused
recv: Connection refused
recv: Connection refused
recv: Connection refused
recv: Connection refused
recv: Connection refused
recv: Connection refused
recv: Connection refused
recv: Connection refused
recv: Connection refused
recv: Connection refused
recv: Connection refused
recv: Connection refused
recv: Connection refused
recv: Connection refused
recv: Connection refused
recv: Connection refused
recv: Connection refused
